mode: atomic
github.com/rossigee/mock-electrum/internal/handler/scripthash/scripthash.go:8.58,11.2 2 3
github.com/rossigee/mock-electrum/internal/handler/scripthash/scripthash.go:13.56,15.16 2 1
github.com/rossigee/mock-electrum/internal/handler/scripthash/scripthash.go:15.16,17.3 1 0
github.com/rossigee/mock-electrum/internal/handler/scripthash/scripthash.go:18.2,19.41 2 1
github.com/rossigee/mock-electrum/internal/handler/electrum.go:22.27,32.16 3 0
github.com/rossigee/mock-electrum/internal/handler/electrum.go:32.16,35.3 2 0
github.com/rossigee/mock-electrum/internal/handler/electrum.go:37.2,37.50 1 0
github.com/rossigee/mock-electrum/internal/handler/electrum.go:37.50,39.3 1 0
github.com/rossigee/mock-electrum/internal/handler/electrum.go:40.2,40.12 1 0
github.com/rossigee/mock-electrum/internal/handler/electrum.go:78.55,88.2 3 4
github.com/rossigee/mock-electrum/internal/handler/electrum.go:90.126,98.2 2 2
github.com/rossigee/mock-electrum/internal/handler/electrum.go:100.42,103.2 2 4
github.com/rossigee/mock-electrum/internal/handler/electrum.go:105.43,107.16 2 4
github.com/rossigee/mock-electrum/internal/handler/electrum.go:107.16,110.3 2 4
github.com/rossigee/mock-electrum/internal/handler/electrum.go:112.2,116.55 2 0
github.com/rossigee/mock-electrum/internal/handler/electrum.go:116.55,119.3 2 0
github.com/rossigee/mock-electrum/internal/handler/electrum.go:121.2,121.41 1 0
github.com/rossigee/mock-electrum/internal/handler/electrum.go:121.41,124.3 2 0
github.com/rossigee/mock-electrum/internal/handler/electrum.go:125.2,125.68 1 0
github.com/rossigee/mock-electrum/internal/handler/electrum.go:128.39,130.16 2 4
github.com/rossigee/mock-electrum/internal/handler/electrum.go:130.16,133.3 2 4
github.com/rossigee/mock-electrum/internal/handler/electrum.go:135.2,139.55 2 0
github.com/rossigee/mock-electrum/internal/handler/electrum.go:139.55,142.3 2 0
github.com/rossigee/mock-electrum/internal/handler/electrum.go:144.2,145.60 2 0
github.com/rossigee/mock-electrum/internal/handler/electrum.go:148.96,149.16 1 0
github.com/rossigee/mock-electrum/internal/handler/electrum.go:150.24,151.33 1 0
github.com/rossigee/mock-electrum/internal/handler/electrum.go:152.25,153.34 1 0
github.com/rossigee/mock-electrum/internal/handler/electrum.go:154.43,155.30 1 0
github.com/rossigee/mock-electrum/internal/handler/electrum.go:156.43,157.30 1 0
github.com/rossigee/mock-electrum/internal/handler/electrum.go:158.43,159.31 1 0
github.com/rossigee/mock-electrum/internal/handler/electrum.go:160.36,161.34 1 0
github.com/rossigee/mock-electrum/internal/handler/electrum.go:162.38,163.36 1 0
github.com/rossigee/mock-electrum/internal/handler/electrum.go:164.10,165.45 1 0
github.com/rossigee/mock-electrum/internal/handler/electrum.go:169.82,171.2 1 1
github.com/rossigee/mock-electrum/internal/handler/electrum.go:173.83,196.2 1 1
github.com/rossigee/mock-electrum/internal/handler/electrum.go:198.79,200.16 2 2
github.com/rossigee/mock-electrum/internal/handler/electrum.go:200.16,202.3 1 0
github.com/rossigee/mock-electrum/internal/handler/electrum.go:204.2,204.45 1 2
github.com/rossigee/mock-electrum/internal/handler/electrum.go:204.45,207.30 3 1
github.com/rossigee/mock-electrum/internal/handler/electrum.go:207.30,209.4 1 2
github.com/rossigee/mock-electrum/internal/handler/electrum.go:210.3,210.56 1 1
github.com/rossigee/mock-electrum/internal/handler/electrum.go:213.2,213.70 1 1
github.com/rossigee/mock-electrum/internal/handler/electrum.go:216.79,218.16 2 0
github.com/rossigee/mock-electrum/internal/handler/electrum.go:218.16,220.3 1 0
github.com/rossigee/mock-electrum/internal/handler/electrum.go:222.2,223.42 2 0
github.com/rossigee/mock-electrum/internal/handler/electrum.go:223.42,225.3 1 0
github.com/rossigee/mock-electrum/internal/handler/electrum.go:225.8,227.3 1 0
github.com/rossigee/mock-electrum/internal/handler/electrum.go:229.2,230.21 2 0
github.com/rossigee/mock-electrum/internal/handler/electrum.go:230.21,232.37 2 0
github.com/rossigee/mock-electrum/internal/handler/electrum.go:232.37,238.4 2 0
github.com/rossigee/mock-electrum/internal/handler/electrum.go:239.3,239.22 1 0
github.com/rossigee/mock-electrum/internal/handler/electrum.go:242.2,244.29 3 0
github.com/rossigee/mock-electrum/internal/handler/electrum.go:244.29,245.25 1 0
github.com/rossigee/mock-electrum/internal/handler/electrum.go:245.25,251.4 2 0
github.com/rossigee/mock-electrum/internal/handler/electrum.go:254.2,254.21 1 0
github.com/rossigee/mock-electrum/internal/handler/electrum.go:257.80,259.16 2 1
github.com/rossigee/mock-electrum/internal/handler/electrum.go:259.16,261.3 1 0
github.com/rossigee/mock-electrum/internal/handler/electrum.go:263.2,263.45 1 1
github.com/rossigee/mock-electrum/internal/handler/electrum.go:263.45,264.45 1 1
github.com/rossigee/mock-electrum/internal/handler/electrum.go:264.45,266.4 1 1
github.com/rossigee/mock-electrum/internal/handler/electrum.go:269.2,269.22 1 0
github.com/rossigee/mock-electrum/internal/handler/electrum.go:272.83,274.16 2 0
github.com/rossigee/mock-electrum/internal/handler/electrum.go:274.16,276.3 1 0
github.com/rossigee/mock-electrum/internal/handler/electrum.go:278.2,288.38 2 0
github.com/rossigee/mock-electrum/internal/handler/electrum.go:291.85,300.2 2 1
github.com/rossigee/mock-electrum/internal/handler/electrum.go:302.82,303.19 1 3
github.com/rossigee/mock-electrum/internal/handler/electrum.go:303.19,305.3 1 0
github.com/rossigee/mock-electrum/internal/handler/electrum.go:307.2,307.28 1 3
github.com/rossigee/mock-electrum/internal/handler/electrum.go:308.14,309.16 1 3
github.com/rossigee/mock-electrum/internal/handler/electrum.go:310.21,311.18 1 0
github.com/rossigee/mock-electrum/internal/handler/electrum.go:311.18,313.4 1 0
github.com/rossigee/mock-electrum/internal/handler/electrum.go:314.3,314.33 1 0
github.com/rossigee/mock-electrum/internal/handler/electrum.go:314.33,316.4 1 0
github.com/rossigee/mock-electrum/internal/handler/electrum.go:317.3,317.48 1 0
github.com/rossigee/mock-electrum/internal/handler/electrum.go:318.10,319.52 1 0
github.com/rossigee/mock-electrum/internal/handler/health.go:11.40,13.2 1 0
github.com/rossigee/mock-electrum/internal/handler/health.go:15.48,19.2 1 0
github.com/rossigee/mock-electrum/internal/handler/health.go:21.47,25.2 1 0
github.com/rossigee/mock-electrum/internal/middleware/middleware.go:10.34,11.30 1 0
github.com/rossigee/mock-electrum/internal/middleware/middleware.go:11.30,16.3 4 0
github.com/rossigee/mock-electrum/internal/middleware/middleware.go:19.42,20.30 1 0
github.com/rossigee/mock-electrum/internal/middleware/middleware.go:20.30,31.3 3 0
github.com/rossigee/mock-electrum/cmd/main/main.go:32.13,34.20 2 0
github.com/rossigee/mock-electrum/cmd/main/main.go:34.20,36.3 1 0
github.com/rossigee/mock-electrum/cmd/main/main.go:38.2,39.18 2 0
github.com/rossigee/mock-electrum/cmd/main/main.go:40.15,41.26 1 0
github.com/rossigee/mock-electrum/cmd/main/main.go:42.14,43.25 1 0
github.com/rossigee/mock-electrum/cmd/main/main.go:44.15,45.26 1 0
github.com/rossigee/mock-electrum/cmd/main/main.go:46.10,47.25 1 0
github.com/rossigee/mock-electrum/cmd/main/main.go:50.2,58.12 4 0
github.com/rossigee/mock-electrum/cmd/main/main.go:58.12,70.23 10 0
github.com/rossigee/mock-electrum/cmd/main/main.go:70.23,72.4 1 0
github.com/rossigee/mock-electrum/cmd/main/main.go:74.3,75.54 2 0
github.com/rossigee/mock-electrum/cmd/main/main.go:75.54,77.4 1 0
github.com/rossigee/mock-electrum/cmd/main/main.go:80.2,81.24 2 0
github.com/rossigee/mock-electrum/cmd/main/main.go:81.24,83.3 1 0
github.com/rossigee/mock-electrum/cmd/main/main.go:85.2,86.16 2 0
github.com/rossigee/mock-electrum/cmd/main/main.go:86.16,89.3 2 0
github.com/rossigee/mock-electrum/cmd/main/main.go:91.2,96.12 4 0
github.com/rossigee/mock-electrum/cmd/main/main.go:96.12,101.3 4 0
github.com/rossigee/mock-electrum/cmd/main/main.go:103.2,104.6 2 0
github.com/rossigee/mock-electrum/cmd/main/main.go:104.6,106.17 2 0
github.com/rossigee/mock-electrum/cmd/main/main.go:106.17,107.64 1 0
github.com/rossigee/mock-electrum/cmd/main/main.go:107.64,108.13 1 0
github.com/rossigee/mock-electrum/cmd/main/main.go:110.4,110.9 1 0
github.com/rossigee/mock-electrum/cmd/main/main.go:113.3,114.50 2 0
github.com/rossigee/mock-electrum/cmd/main/main.go:117.2,117.11 1 0
github.com/rossigee/mock-electrum/cmd/main/main.go:120.86,122.15 2 0
github.com/rossigee/mock-electrum/cmd/main/main.go:122.15,122.35 1 0
github.com/rossigee/mock-electrum/cmd/main/main.go:124.2,127.21 3 0
github.com/rossigee/mock-electrum/cmd/main/main.go:127.21,129.17 2 0
github.com/rossigee/mock-electrum/cmd/main/main.go:129.17,130.12 1 0
github.com/rossigee/mock-electrum/cmd/main/main.go:133.3,134.60 2 0
github.com/rossigee/mock-electrum/cmd/main/main.go:134.60,136.12 2 0
github.com/rossigee/mock-electrum/cmd/main/main.go:139.3,145.17 3 0
github.com/rossigee/mock-electrum/cmd/main/main.go:145.17,150.4 1 0
github.com/rossigee/mock-electrum/cmd/main/main.go:150.9,152.4 1 0
github.com/rossigee/mock-electrum/cmd/main/main.go:154.3,155.17 2 0
github.com/rossigee/mock-electrum/cmd/main/main.go:155.17,157.12 2 0
github.com/rossigee/mock-electrum/cmd/main/main.go:160.3,160.45 1 0
github.com/rossigee/mock-electrum/cmd/main/main.go:166.48,168.2 1 0
github.com/rossigee/mock-electrum/cmd/main/main.go:170.47,172.2 1 0
github.com/rossigee/mock-electrum/cmd/main/main.go:174.40,176.2 1 0
